// Jest Snapshot v1, https://jestjs.io/docs/snapshot-testing

exports[`Death War renders the component correctly 1`] = `
<DocumentFragment>
  <h3>
    Death
  </h3>
  <div
    class="fullwidth-main-card"
  >
    <p>
      Died at the age of 89
    </p>
    <span>
      13 October 1926
    </span>
  </div>
</DocumentFragment>
`;

exports[`Post War Death renders the component correctly 1`] = `
<DocumentFragment>
  <h3>
    Death
  </h3>
  <div
    class="fullwidth-main-card"
  >
    <p>
      Died at the age of 89
    </p>
    <span>
      13 October 1926
    </span>
  </div>
</DocumentFragment>
`;
