// Jest Snapshot v1, https://jestjs.io/docs/snapshot-testing

exports[`renders the component correctly 1`] = `
<DocumentFragment>
  <div
    class="fullwidth-main-card"
  >
    Parents
  </div>
  <div
    class="halfwidth-cards-container"
  >
    <div
      class="halfwidth-secondary-card"
    >
      <p>
        Mother
      </p>
      <span>
        Jane Doe
      </span>
    </div>
    <div
      class="halfwidth-secondary-card"
    >
      <p>
        Father
      </p>
      <span>
        John Doe
      </span>
    </div>
  </div>
</DocumentFragment>
`;
