// Jest Snapshot v1, https://jestjs.io/docs/snapshot-testing

exports[`renders the component correctly 1`] = `
<DocumentFragment>
  <div
    class="halfwidth-cards-container"
  >
    <div
      class="halfwidth-main-card"
    >
      <span>
        Residence
      </span>
    </div>
    <div
      class="halfwidth-secondary-card"
    >
      <div
        class="halfwidth-secondary-card-title"
      >
        <p>
          Hometown
        </p>
      </div>
      <div>
        <span>
          Wellington
        </span>
      </div>
    </div>
  </div>
</DocumentFragment>
`;
