// Jest Snapshot v1, https://goo.gl/fbAQLP

exports[`renders the component correctly 1`] = `
<DocumentFragment>
  <h2>
    Army Experience
  </h2>
  <li
    class="fullwidth-secondary-card"
  >
    <span>
      NZ Infantry
    </span>
    <p
      class="line-margin"
    >
      12 months in New Zealand
    </p>
  </li>
  <a
    aria-label="Open the World War I timeline"
    class="war-service"
    href="/tunnellers/1/wwi-timeline"
  >
    <div>
      <span
        class="title"
      >
        World War I (1914-1918)
      </span>
      <span>
        New Zealand Tunnellers
      </span>
    </div>
    <div
      class="arrow"
    >
      â†’
    </div>
  </a>
</DocumentFragment>
`;
