// Jest Snapshot v1, https://jestjs.io/docs/snapshot-testing

exports[`renders the component correctly 1`] = `
<DocumentFragment>
  <div
    class="fullwidth-main-card"
  >
    <p>
      Born in New Zealand
    </p>
    <span>
      18 December 1886
    </span>
  </div>
</DocumentFragment>
`;
